// Jest Snapshot v1, https://goo.gl/fbAQLP

exports[`Search renders well 1`] = `
<DocumentFragment>
  <h1>
    Find your movie
  </h1>
  <form>
    <input
      id="search"
      name="search"
      placeholder="What do you want to watch?"
      type="text"
      value=""
    />
    <button
      id="search-submit-button"
      type="submit"
    >
      Search
    </button>
  </form>
</DocumentFragment>
`;
